// Jest Snapshot v1, https://goo.gl/fbAQLP

exports[`CalDavSettings interactions 1`] = `
<div>
  <div
    class="section"
  >
    <h2>
      Calendar server
    </h2>
     
    <p
      class="settings-hint"
    >
      Also install the 
      <a
        href="../apps/office/calendar"
        target="_blank"
      >
        Calendar app
      </a>
      , or 
      <a
        :href="userSyncCalendarsUrl"
        rel="noreferrer noopener"
        target="_blank"
      >
        connect your desktop & mobile for syncing â†—
      </a>
      .
    </p>
     
    <p>
      <input
        class="checkbox"
        id="caldavSendInvitations"
        type="checkbox"
      />
       
      <label
        for="caldavSendInvitations"
      >
        
			Send invitations to attendees
		
      </label>
       
      <br />
       
      <em>
        Please make sure to properly set up 
        <a
          href="../admin#mail_general_settings"
        >
          the email server
        </a>
        .
      </em>
    </p>
     
    <p>
      <input
        class="checkbox"
        id="caldavGenerateBirthdayCalendar"
        type="checkbox"
      />
       
      <label
        for="caldavGenerateBirthdayCalendar"
      >
        
			Automatically generate a birthday calendar
		
      </label>
       
      <br />
       
      <em>
        
			Birthday calendars will be generated by a background job.
		
      </em>
       
      <br />
       
      <em>
        
			Hence they will not be available immediately after enabling but will show up after some time.
		
      </em>
    </p>
     
    <p>
      <input
        class="checkbox"
        id="caldavGenerateBirthdayCalendarAlarms"
        type="checkbox"
      />
       
      <label
        for="caldavGenerateBirthdayCalendarAlarms"
      >
        
			Set a reminder on birthday calendar events
		
      </label>
       
      <br />
       
      <em>
        Reminders trigger at midnight on the day of the event.
      </em>
      <br />
       
      <em>
        Changes to this setting require regenerating calendars in a background job.
      </em>
      <br />
       
      <em>
        Hence changes will not be available immediately.
      </em>
    </p>
     
    <p>
      <input
        class="checkbox"
        id="caldavSendEventReminders"
        type="checkbox"
      />
       
      <label
        for="caldavSendEventReminders"
      >
        
			Send notifications for events
		
      </label>
       
      <br />
       
      <em>
        Please make sure to properly set up 
        <a
          href="../admin#mail_general_settings"
        >
          the email server
        </a>
        .
      </em>
       
      <br />
       
      <em>
        
			Notifications are sent via background jobs, so these must occur often enough.
		
      </em>
    </p>
     
    <p>
      <input
        class="checkbox"
        id="caldavSendEventRemindersPush"
        type="checkbox"
      />
       
      <label
        for="caldavSendEventRemindersPush"
      >
        
			Enable notifications for events via push
		
      </label>
    </p>
  </div>
</div>
`;
